<testsuites id="" name="" tests="14" failures="0" skipped="0" errors="0" time="125.28223">
<testsuite name="demoQA.spec.js" timestamp="2025-08-19T08:10:14.148Z" hostname="firefox" tests="14" failures="0" skipped="0" time="219.562" errors="0">
<testcase name="Pruebas de DemoQA › Rellenar formulario de contacto" classname="demoQA.spec.js" time="20.38">
<system-out>
<![CDATA[
[[ATTACHMENT|test-results/demoQA-Pruebas-de-DemoQA-Rellenar-formulario-de-contacto-firefox/trace.zip]]
]]>
</system-out>
</testcase>
<testcase name="Pruebas de DemoQA › Seleccionar CheckBox" classname="demoQA.spec.js" time="21.021">
<system-out>
<![CDATA[Esperado:  ["commands","angular","downloads","wordFile","excelFile"]
Resultado:  ["commands","angular","downloads","wordFile","excelFile"]
¿Coinciden? [33mtrue[39m

[[ATTACHMENT|test-results/demoQA-Pruebas-de-DemoQA-Seleccionar-CheckBox-firefox/trace.zip]]
]]>
</system-out>
</testcase>
<testcase name="Pruebas de DemoQA › Seleccionar Radio Button" classname="demoQA.spec.js" time="17.2">
<system-out>
<![CDATA[Esperado:  ["Impressive"]
Resultado:  ["Impressive"]
¿Coinciden? [33mtrue[39m
Esperado:  ["Yes"]
Resultado:  ["Yes"]
¿Coinciden? [33mtrue[39m

[[ATTACHMENT|test-results/demoQA-Pruebas-de-DemoQA-Seleccionar-Radio-Button-firefox/trace.zip]]
]]>
</system-out>
</testcase>
<testcase name="Pruebas de DemoQA › Seleccionar Tablas" classname="demoQA.spec.js" time="26.808">
<system-out>
<![CDATA[
[[ATTACHMENT|test-results/demoQA-Pruebas-de-DemoQA-Seleccionar-Tablas-firefox/trace.zip]]
]]>
</system-out>
</testcase>
<testcase name="Pruebas de DemoQA › Comprobar Imagen" classname="demoQA.spec.js" time="14.024">
<system-out>
<![CDATA[📷 Estado de las imágenes:
✅ Imagen OK   [0]: https://ad.plus/adplus-advertising.svg
✅ Imagen OK   [1]: /images/Toolsqa.jpg
✅ Imagen OK   [2]: /images/Toolsqa.jpg
❌ Imagen rota [3]: /images/Toolsqa_1.jpg
✅ Imagen OK   [4]: /images/zero-step.jpeg

[[ATTACHMENT|test-results/demoQA-Pruebas-de-DemoQA-Comprobar-Imagen-firefox/trace.zip]]
]]>
</system-out>
</testcase>
<testcase name="Pruebas de DemoQA › Test completo: Upload y Download en secuencia" classname="demoQA.spec.js" time="10.622">
<system-out>
<![CDATA[=== INICIANDO UPLOAD ===
✅ Upload completado: C:\fakepath\file.png
=== INICIANDO DOWNLOAD ===
✅ Test completo finalizado exitosamente

[[ATTACHMENT|test-results/demoQA-Pruebas-de-DemoQA-T-873ca-oad-y-Download-en-secuencia-firefox/trace.zip]]
]]>
</system-out>
</testcase>
<testcase name="Pruebas de DemoQA › Dynamic Properties" classname="demoQA.spec.js" time="10.436">
<system-out>
<![CDATA[
[[ATTACHMENT|test-results/demoQA-Pruebas-de-DemoQA-Dynamic-Properties-firefox/trace.zip]]
]]>
</system-out>
</testcase>
<testcase name="Pruebas de DemoQA › Alerts" classname="demoQA.spec.js" time="19.48">
<system-out>
<![CDATA[
[[ATTACHMENT|test-results/demoQA-Pruebas-de-DemoQA-Alerts-firefox/trace.zip]]
]]>
</system-out>
</testcase>
<testcase name="Pruebas de DemoQA › Date picker" classname="demoQA.spec.js" time="11.741">
<system-out>
<![CDATA[Valor real en el input: August 14, 2025 8:30 AM
Valor a comparar      : August 14, 2025 8:30 AM

[[ATTACHMENT|test-results/demoQA-Pruebas-de-DemoQA-Date-picker-firefox/trace.zip]]
]]>
</system-out>
</testcase>
<testcase name="Pruebas de DemoQA › Slider" classname="demoQA.spec.js" time="13.222">
<system-out>
<![CDATA[
[[ATTACHMENT|test-results/demoQA-Pruebas-de-DemoQA-Slider-firefox/trace.zip]]
]]>
</system-out>
</testcase>
<testcase name="Pruebas de DemoQA › Progress Bar" classname="demoQA.spec.js" time="17.14">
<system-out>
<![CDATA[Barra detenida en: [33m49[39m

[[ATTACHMENT|test-results/demoQA-Pruebas-de-DemoQA-Progress-Bar-firefox/trace.zip]]
]]>
</system-out>
</testcase>
<testcase name="Pruebas de DemoQA › Modificar todas las opciones del select menu correctamente" classname="demoQA.spec.js" time="15.644">
<system-out>
<![CDATA[
[[ATTACHMENT|test-results/demoQA-Pruebas-de-DemoQA-M-e49a3-l-select-menu-correctamente-firefox/trace.zip]]
]]>
</system-out>
</testcase>
<testcase name="Pruebas de DemoQA › Mover elementos" classname="demoQA.spec.js" time="13.515">
<system-out>
<![CDATA[
[[ATTACHMENT|test-results/demoQA-Pruebas-de-DemoQA-Mover-elementos-firefox/trace.zip]]
]]>
</system-out>
</testcase>
<testcase name="Pruebas de DemoQA › Arrastrar la caja &quot;Drag me&quot; dentro de &quot;Drop here&quot;" classname="demoQA.spec.js" time="8.329">
<system-out>
<![CDATA[
[[ATTACHMENT|test-results/demoQA-Pruebas-de-DemoQA-A-bbb4f-rag-me-dentro-de-Drop-here--firefox/trace.zip]]
]]>
</system-out>
</testcase>
</testsuite>
</testsuites>